== 对账：基线最优滞后 vs granger_results.csv ==
  esports                M→P  5 (csv  5) OK | P→M  4 (csv  4) OK
  video_game_addiction   M→P  8 (csv  8) OK | P→M  4 (csv  4) OK
  loot_box               M→P 20 (csv 20) OK | P→M  1 (csv  1) OK
  screen_time            M→P  5 (csv  5) OK | P→M  4 (csv  4) OK
  video_game_violence    M→P 13 (csv 13) OK | P→M 10 (csv 10) OK

== A. 剔除 2020-03-01..2020-05-31（92 天）==
               topic       direction  n_dropped  baseline_lag baseline_p  excl_lag    excl_p  lag_change_days  excl_significant
             esports media_to_public         92             5  1.456e-62         5 2.506e-57                0              True
             esports public_to_media         92             4  1.471e-32         4 1.686e-29                0              True
video_game_addiction media_to_public         92             8  2.476e-14         8 1.715e-15                0              True
video_game_addiction public_to_media         92             4  3.090e-17         4 1.881e-17                0              True
            loot_box media_to_public         92            20  6.869e-04        28 2.472e-04                8              True
            loot_box public_to_media         92             1  9.363e-17         1 1.251e-14                0              True
         screen_time media_to_public         92             5  3.400e-59         5 8.635e-54                0              True
         screen_time public_to_media         92             4  2.950e-30         4 1.056e-27                0              True
 video_game_violence media_to_public         92            13  1.624e-07        13 1.943e-07                0              True
 video_game_violence public_to_media         92            10  3.571e-10        11 3.857e-09                1              True
最大滞后变动: 8 | 剔除后全部显著(P<.01): True

== B. 多元 Granger（含 COVID/政策虚拟变量）==
               topic       direction  baseline_lag  mv_optimal_lag  lag_change_days      mv_p  significant_at_q05
             esports media_to_public             5               7                2 3.022e-33                True
             esports public_to_media             4               4                0 1.271e-31                True
video_game_addiction media_to_public             8               8                0 9.689e-15                True
video_game_addiction public_to_media             4               4                0 1.360e-17                True
            loot_box media_to_public            20               8              -12 1.086e-03                True
            loot_box public_to_media             1               1                0 7.469e-16                True
         screen_time media_to_public             5               7                2 2.712e-31                True
         screen_time public_to_media             4               4                0 6.372e-31                True
 video_game_violence media_to_public            13              13                0 1.093e-07                True
 video_game_violence public_to_media            10              10                0 3.807e-10                True

COVID 虚拟变量系数（公众方程, 标准化尺度）:
               topic   dummy  coef_std  p_std
             esports covid_1     0.019 0.0322
             esports covid_2     0.021 0.1417
             esports covid_3     0.006 0.4586
video_game_addiction covid_1     0.048 0.0022
video_game_addiction covid_2     0.033 0.0004
video_game_addiction covid_3     0.034 0.0000
            loot_box covid_1     0.026 0.0948
            loot_box covid_2     0.063 0.0000
            loot_box covid_3     0.043 0.0369
         screen_time covid_1    -0.000 0.9859
         screen_time covid_2     0.036 0.0378
         screen_time covid_3     0.009 0.3803
 video_game_violence covid_1     0.023 0.1401
 video_game_violence covid_2     0.012 0.4878
 video_game_violence covid_3     0.011 0.1142
最大滞后变动(含虚拟变量): 12

== C. Welch 相干（256 天窗, Hann, fs=1/day）==
  esports                2–60 天带内最强周期: [np.float64(6.9), np.float64(3.5), np.float64(3.3)]
  video_game_addiction   2–60 天带内最强周期: [np.float64(7.1), np.float64(3.5), np.float64(2.7)]
  loot_box               2–60 天带内最强周期: [np.float64(6.9), np.float64(3.5), np.float64(2.2)]
  screen_time            2–60 天带内最强周期: [np.float64(6.9), np.float64(3.5), np.float64(28.4)]
  video_game_violence    2–60 天带内最强周期: [np.float64(7.1), np.float64(3.5), np.float64(18.3)]

== D. TLS（80 峰值事件）==
  原始口径: rs=0.465 (P=0.0000) | 对数口径: rs=0.389 (P=0.0004) | 正文声称 rs=.34 (P=.002)
               topic  n  tls_mean  tls_median  asymmetry
             esports 16 -0.088875      0.0085          1
            loot_box 16  0.918125      0.3265         19
         screen_time 16 -0.099375      0.0265          1
video_game_addiction 16  0.226750     -0.0435          4
 video_game_violence 16  0.163937      0.0995          3

== E. loot box 滚动窗（365 天, 步长 30 天, P→M）==
  有效窗口 49 | 逐窗最小 p (1–30 阶) P<.05 占比 75.5% | 固定 lag-1 P<.05 占比 36.7% | 正文声称 78%

完成。产出 7 份 CSV。
